[?1049h[22;0;0t[1;24r(B[m[4l[?7h[H[2JEvery 1.0s: ./run_statistic.sh[1;52Hfvm: Sat Nov 26 13:15:31 2022[3;1Hsh: 1: ./run_statistic.sh: not found[24;80H[1;75H2[24;80H[1;75H3[24;80H[1;75H4[24;80H[1;75H5[24;80H[1;75H6[24;80H[1;75H7[24;80H[1;75H8[24;80H[1;75H9[24;80H[1;74H40[24;80H[1;75H1[24;80H[1;75H2[24;80H[1;75H3[24;80H[1;75H4[24;80H[1;75H5[24;80H[1;75H6[24;80H[1;75H7[24;80H[1;75H8[24;80H[1;75H9[24;80H[1;74H50[24;80H[1;75H1[24;80H[1;75H2[24;80H[1;75H3[24;80H[1;75H4[24;80H[1;75H5[24;80H[1;75H6[24;80H[1;75H7[24;80H[1;75H8[24;80H[1;75H9[24;80H[1;72H6:00[24;80H[1;75H1[24;80H[1;75H2[24;80H[1;75H3[24;80H[1;75H4[24;80H[1;75H5[24;80H[1;75H6[24;80H[1;75H7[24;80H[1;75H8[24;80H[1;75H9[24;80H[1;74H10[24;80H[1;75H1[24;80H[1;75H2[24;80H[1;75H3[24;80H[1;75H4[24;80H[1;75H5[24;80H[1;75H6[24;80H[1;75H7[24;80H[1;75H8[24;80H[1;75H9[24;80H[1;74H20[24;80H[1;75H1[24;80H[1;75H2[24;80H[1;75H3[24;80H[1;75H4[24;80H[1;75H5[24;80H[1;75H6[24;80H[1;75H7[24;80H[1;75H8[24;80H[1;75H9[24;80H[1;74H30[24;80H[1;75H1[24;80H[1;75H2[24;80H[1;75H3[24;80H[1;75H4[24;80H[1;75H5[24;80H[1;75H6[24;80H[1;75H7[24;80H[1;75H8[24;80H[1;75H9[24;80H[1;74H40[24;80H[1;75H1[24;80H[1;75H2[24;80H[1;75H3[24;80H[1;75H4[24;80H[1;75H5[24;80H[1;75H6[24;80H[1;75H7[24;80H[1;75H8[24;80H[1;75H9[24;80H[1;74H50[24;80H[1;75H1[24;80H[1;75H2[24;80H[1;75H3[24;80H[1;75H4[24;80H[1;75H5[24;80H[1;75H6[24;80H[1;75H7[24;80H[1;75H8[24;80H[1;75H9[24;80H[1;72H7:00[24;80H[1;75H1[24;80H[1;75H2[24;80H[1;75H3[24;80H[1;75H4[24;80H[1;75H5[24;80H[1;75H6[24;80H[1;75H7[24;80H[1;75H8[24;80H[1;75H9[24;80H[1;74H10[24;80H[1;75H1[24;80H[1;75H2[24;80H[1;75H3[24;80H[1;75H4[24;80H[1;75H5[24;80H[1;75H6[24;80H[1;75H7[24;80H[1;75H8[24;80H[1;75H9[24;80H[1;74H20[24;80H[1;75H1[24;80H[1;75H2[24;80H[1;75H3[24;80H[1;75H4[24;80H[1;75H5[24;80H[1;75H7[24;80H[1;75H8[24;80H[1;75H9[24;80H[1;74H30[24;80H[1;75H1[24;80H[1;75H2[24;80H[1;75H3[24;80H[1;75H4[24;80H[1;75H5[24;80H[1;75H6[24;80H[1;75H7[24;80H[1;75H8[24;80H[1;75H9[24;80H[1;74H40[24;80H[1;75H1[24;80H[1;75H2[24;80H[1;75H3[24;80H[1;75H4[24;80H[1;75H5[24;80H[1;75H6[24;80H[1;75H7[24;80H[1;75H8[24;80H[1;75H9[24;80H[1;74H50[24;80H[1;75H1[24;80H[1;75H2[24;80H[1;75H3[24;80H[1;75H4[24;80H[1;75H5[24;80H[1;75H6[24;80H[1;75H7[24;80H[1;75H8[24;80H[1;75H9[24;80H[1;72H8:00[24;80H[1;75H1[24;80H[1;75H2[24;80H[1;75H3[24;80H[1;75H4[24;80H[1;75H5[24;80H[1;75H6[24;80H[1;75H7[24;80H[1;75H8[24;80H[1;75H9[24;80H[1;74H10[24;80H[1;75H1[24;80H[1;75H2[24;80H[1;75H3[24;80H[1;75H4[24;80H[1;75H5[24;80H[1;75H6[24;80H[1;75H7[24;80H[1;75H8[24;80H[1;75H9[24;80H[1;74H20[24;80H[1;75H1[24;80H[1;75H2[24;80H[1;75H3[24;80H[1;75H4[24;80H[1;75H5[24;80H[1;75H6[24;80H[1;75H7[24;80H[1;75H8[24;80H[1;75H9[24;80H[1;74H30[24;80H[1;75H1[24;80H[1;75H2[24;80H[1;75H3[24;80H[1;75H4[24;80H[1;75H5[24;80H[1;75H6[24;80H[1;75H7[24;80H[1;75H8[24;80H[1;75H9[24;80H[1;74H40[24;80H[1;75H1[24;80H[1;75H2[24;80H[1;75H3[24;80H[1;75H4[24;80H[1;75H5[24;80H[1;75H6[24;80H[1;75H7[24;80H[1;75H8[24;80H[1;75H9[24;80H[1;74H50[24;80H[1;75H1[24;80H[1;75H2[24;80H[1;75H3[24;80H[1;75H4[24;80H[1;75H5[24;80H[1;75H6[24;80H[1;75H7[24;80H[1;75H8[24;80H[1;75H9[24;80H[1;72H9:00[24;80H[1;75H1[24;80H[1;75H2[24;80H[1;75H3[24;80H[1;75H4[24;80H[1;75H5[24;80H[1;75H6[24;80H[1;75H7[24;80H[1;75H8[24;80H[1;75H9[24;80H[1;74H10[24;80H[1;75H1[24;80H[1;75H2[24;80H[1;75H3[24;80H[1;75H4[24;80H[1;75H5[24;80H[1;75H6[24;80H[1;75H7[24;80H[1;75H8[24;80H[1;75H9[24;80H[1;74H20[24;80H[1;75H1[24;80H[1;75H2[24;80H[1;75H3[24;80H[1;75H4[24;80H[1;75H5[24;80H[1;75H6[24;80H[1;75H7[24;80H[1;75H8[24;80H[1;75H9[24;80H[1;74H30[24;80H[1;75H1[24;80H[1;75H2[24;80H[1;75H3[24;80H[1;75H4[24;80H[1;75H5[24;80H[1;75H6[24;80H[1;75H7[24;80H[1;75H8[24;80H[1;75H9[24;80H[1;74H40[24;80H[1;75H1[24;80H[1;75H2[24;80H[1;75H3[24;80H[1;75H4[24;80H[1;75H5[24;80H[1;75H6[24;80H[1;75H7[24;80H[1;75H8[24;80H[1;75H9[24;80H[1;74H50[24;80H[1;75H1[24;80H[1;75H2[24;80H[1;75H3[24;80H[1;75H4[24;80H[1;75H5[24;80H[1;75H6[24;80H[1;75H7[24;80H[1;75H8[24;80H[1;75H9[24;80H[1;71H20:00[24;80H[1;75H1[24;80H[1;75H2[24;80H[1;75H3[24;80H[1;75H4[24;80H[1;75H5[24;80H[1;75H6[24;80H[1;75H7[24;80H[1;75H8[24;80H[1;75H9[24;80H[1;74H10[24;80H[1;75H1[24;80H[1;75H2[24;80H[1;75H3[24;80H[1;75H4[24;80H[1;75H5[24;80H[1;75H6[24;80H[1;75H7[24;80H[1;75H8[24;80H[1;75H9[24;80H[1;74H20[24;80H[1;75H1[24;80H[1;75H2[24;80H[1;75H3[24;80H[1;75H4[24;80H[1;75H5[24;80H[1;75H6[24;80H[1;75H7[24;80H[1;75H8[24;80H[1;75H9[24;80H[1;74H30[24;80H[1;75H1[24;80H[1;75H2[24;80H[1;75H3[24;80H[1;75H4[24;80H[1;75H5[24;80H[1;75H6[24;80H[1;75H7[24;80H[1;75H8[24;80H[1;75H9[24;80H[1;74H40[24;80H[1;75H1[24;80H[1;75H2[24;80H[1;75H3[24;80H[1;75H4[24;80H[1;75H5[24;80H[1;75H6[24;80H[1;75H7[24;80H[1;75H8[24;80H[1;75H9[24;80H[1;74H50[24;80H[1;75H1[24;80H[1;75H2[24;80H[1;75H3[24;80H[1;75H4[24;80H[1;75H5[24;80H[1;75H6[24;80H[1;75H7[24;80H[1;75H8[24;80H[1;75H9[24;80H[1;72H1:00[24;80H[1;75H1[24;80H[1;75H2[24;80H[1;75H3[24;80H[1;75H4[24;80H[1;75H5[24;80H[1;75H6[24;80H[1;75H7[24;80H[1;75H8[24;80H[1;75H9[24;80H[1;74H10[24;80H[1;75H1[24;80H[1;75H2[24;80H[1;75H3[24;80H[1;75H4[24;80H[1;75H5[24;80H[1;75H6[24;80H[1;75H7[24;80H[1;75H8[24;80H[1;75H9[24;80H[1;74H20[24;80H[1;75H1[24;80H[1;75H2[24;80H[1;75H3[24;80H[1;75H4[24;80H[1;75H5[24;80H[1;75H6[24;80H[1;75H7[24;80H[1;75H8[24;80H[1;75H9[24;80H[1;74H30[24;80H[1;75H1[24;80H[1;75H2[24;80H[1;75H3[24;80H[1;75H4[24;80H[1;75H5[24;80H[1;75H6[24;80H[1;75H7[24;80H[1;75H8[24;80H[1;75H9[24;80H[1;74H40[24;80H[1;75H1[24;80H[1;75H2[24;80H[1;75H3[24;80H[1;75H4[24;80H[1;75H5[24;80H[1;75H6[24;80H[1;75H7[24;80H[1;75H8[24;80H[1;75H9[24;80H[1;74H50[24;80H[1;75H1[24;80H[1;75H2[24;80H[1;75H3[24;80H[1;75H4[24;80H[1;75H6[24;80H[1;75H7[24;80H[1;75H8[24;80H[1;75H9[24;80H[1;72H2:00[24;80H[1;75H1[24;80H[1;75H2[24;80H[1;75H3[24;80H[1;75H4[24;80H[1;75H5[24;80H[1;75H6[24;80H[1;75H7[24;80H[1;75H8[24;80H[1;75H9[24;80H[1;74H10[24;80H[1;75H1[24;80H[1;75H2[24;80H[1;75H3[24;80H[1;75H4[24;80H[1;75H5[24;80H[1;75H6[24;80H[1;75H7[24;80H[1;75H8[24;80H[1;75H9[24;80H[1;74H20[24;80H[1;75H1[24;80H[1;75H2[24;80H[1;75H3[24;80H[1;75H4[24;80H[1;75H5[24;80H[1;75H6[24;80H[1;75H7[24;80H[1;75H8[24;80H[1;75H9[24;80H[1;74H30[24;80H[1;75H1[24;80H[1;75H2[24;80H[1;75H3[24;80H[1;75H4[24;80H[1;75H5[24;80H[1;75H6[24;80H[1;75H7[24;80H[1;75H8[24;80H[1;75H9[24;80H[1;74H40[24;80H[1;75H1[24;80H[1;75H2[24;80H[1;75H3[24;80H[1;75H4[24;80H[1;75H5[24;80H[1;75H6[24;80H[1;75H7[24;80H[1;75H8[24;80H[1;75H9[24;80H[1;74H50[24;80H[1;75H1[24;80H[1;75H2[24;80H[1;75H3[24;80H[1;75H4[24;80H[1;75H5[24;80H[1;75H6[24;80H[1;75H7[24;80H[1;75H8[24;80H[1;75H9[24;80H[1;72H3:00[24;80H[1;75H1[24;80H[1;75H2[24;80H[1;75H3[24;80H[1;75H4[24;80H[1;75H5[24;80H[1;75H6[24;80H[1;75H7[24;80H[1;75H8[24;80H[1;75H9[24;80H[1;74H10[24;80H[1;75H1[24;80H[1;75H2[24;80H[1;75H3[24;80H[1;75H4[24;80H[1;75H5[24;80H[1;75H6[24;80H[1;75H7[24;80H[1;75H8[24;80H[1;75H9[24;80H[1;74H20[24;80H[1;75H1[24;80H[1;75H2[24;80H[1;75H3[24;80H[1;75H4[24;80H[1;75H5[24;80H[1;75H6[24;80H[1;75H7[24;80H[1;75H8[24;80H[1;75H9[24;80H[1;74H30[24;80H[1;75H1[24;80H[1;75H2[24;80H[1;75H3[24;80H[1;75H4[24;80H[1;75H5[24;80H[1;75H6[24;80H[1;75H7[24;80H[1;75H8[24;80H[1;75H9[24;80H[1;74H40[24;80H[1;75H1[24;80H[1;75H2[24;80H[1;75H3[24;80H[1;75H4[24;80H[1;75H5[24;80H[1;75H6[24;80H[1;75H7[24;80H[1;75H8[24;80H[1;75H9[24;80H[1;74H50[24;80H[1;75H1[24;80H[1;75H2[24;80H[1;75H3[24;80H[1;75H4[24;80H[1;75H5[24;80H[1;75H6[24;80H[1;75H7[24;80H[1;75H8[24;80H[1;75H9[24;80H[1;72H4:00[24;80H[1;75H1[24;80H[1;75H2[24;80H[1;75H3[24;80H[1;75H4[24;80H[1;75H5[24;80H[1;75H6[24;80H[1;75H7[24;80H[1;75H8[24;80H[1;75H9[24;80H[1;74H10[24;80H[1;75H1[24;80H[1;75H2[24;80H[1;75H3[24;80H[1;75H4[24;80H[1;75H5[24;80H[1;75H6[24;80H[1;75H7[24;80H[1;75H8[24;80H[1;75H9[24;80H[1;74H20[24;80H[1;75H1[24;80H[1;75H2[24;80H[1;75H3[24;80H[1;75H4[24;80H[1;75H5[24;80H[1;75H6[24;80H[1;75H7[24;80H[1;75H8[24;80H[1;75H9[24;80H[1;74H30[24;80H[1;75H1[24;80H[1;75H2[24;80H[1;75H3[24;80H[1;75H4[24;80H[1;75H5[24;80H[1;75H6[24;80H[1;75H7[24;80H[1;75H8[24;80H[1;75H9[24;80H[1;74H40[24;80H[1;75H1[24;80H[1;75H2[24;80H[1;75H3[24;80H[1;75H4[24;80H[1;75H5[24;80H[1;75H6[24;80H[1;75H7[24;80H[1;75H8[24;80H[1;75H9[24;80H[1;74H50[24;80H[1;75H1[24;80H[1;75H2[24;80H[1;75H3[24;80H[1;75H4[24;80H[1;75H5[24;80H[1;75H6[24;80H[1;75H7[24;80H[1;75H8[24;80H[1;75H9[24;80H[1;72H5:00[24;80H[1;75H1[24;80H[1;75H2[24;80H[1;75H3[24;80H[1;75H4[24;80H[1;75H5[24;80H[1;75H6[24;80H[1;75H7[24;80H[1;75H8[24;80H[1;75H9[24;80H[1;74H10[24;80H[1;75H1[24;80H[1;75H2[24;80H[1;75H3[24;80H[1;75H4[24;80H[1;75H5[24;80H[1;75H6[24;80H[1;75H7[24;80H[1;75H8[24;80H[1;75H9[24;80H[1;74H20[24;80H[1;75H1[24;80H[1;75H2[24;80H[1;75H3[24;80H[1;75H4[24;80H[1;75H5[24;80H[1;75H6[24;80H[1;75H7[24;80H[1;75H8[24;80H[1;75H9[24;80H[1;74H30[24;80H[1;75H1[24;80H[1;75H2[24;80H[1;75H3[24;80H[1;75H4[24;80H[1;75H5[24;80H[1;75H6[24;80H[1;75H7[24;80H[1;75H8[24;80H[1;75H9[24;80H[1;74H40[24;80H[1;75H1[24;80H[1;75H2[24;80H[1;75H3[24;80H[1;75H4[24;80H[1;75H5[24;80H[1;75H6[24;80H[1;75H7[24;80H[1;75H8[24;80H[1;75H9[24;80H[1;74H50[24;80H[1;75H1[24;80H[1;75H2[24;80H[1;75H3[24;80H[1;75H4[24;80H[1;75H5[24;80H[1;75H6[24;80H[1;75H7[24;80H[1;75H8[24;80H[1;75H9[24;80H[1;72H6:00[24;80H[1;75H1[24;80H[1;75H2[24;80H[1;75H3[24;80H[1;75H4[24;80H[1;75H5[24;80H[1;75H6[24;80H[1;75H7[24;80H[1;75H8[24;80H[1;75H9[24;80H[1;74H10[24;80H[1;75H1[24;80H[1;75H2[24;80H[1;75H3[24;80H[1;75H4[24;80H[1;75H5[24;80H[1;75H6[24;80H[1;75H7[24;80H[1;75H8[24;80H[1;75H9[24;80H[1;74H20[24;80H[1;75H1[24;80H[1;75H2[24;80H[1;75H3[24;80H[1;75H4[24;80H[1;75H5[24;80H[1;75H6[24;80H[1;75H7[24;80H[1;75H8[24;80H[1;75H9[24;80H[1;74H30[24;80H[1;75H1[24;80H[1;75H2[24;80H[1;75H3[24;80H[1;75H4[24;80H[1;75H5[24;80H[1;75H6[24;80H[1;75H7[24;80H[1;75H8[24;80H[1;75H9[24;80H[1;74H40[24;80H[1;75H1[24;80H[1;75H2[24;80H[1;75H3[24;80H[1;75H4[24;80H[1;75H5[24;80H[1;75H6[24;80H[1;75H7[24;80H[1;75H8[24;80H[1;75H9[24;80H[1;74H50[24;80H[1;75H1[24;80H[1;75H3[24;80H[1;75H4[24;80H[1;75H5[24;80H[1;75H6[24;80H[1;75H7[24;80H[1;75H8[24;80H[1;75H9[24;80H[1;72H7:00[24;80H[1;75H1[24;80H[1;75H2[24;80H[1;75H3[24;80H[1;75H4[24;80H[1;75H5[24;80H[1;75H6[24;80H[1;75H7[24;80H[1;75H8[24;80H[1;75H9[24;80H[1;74H10[24;80H[1;75H1[24;80H[1;75H2[24;80H[1;75H3[24;80H[1;75H4[24;80H[1;75H5[24;80H[1;75H6[24;80H[1;75H7[24;80H[1;75H8[24;80H[1;75H9[24;80H[1;74H20[24;80H[1;75H1[24;80H[1;75H2[24;80H[1;75H3[24;80H[1;75H4[24;80H[1;75H5[24;80H[1;75H6[24;80H[1;75H7[24;80H[1;75H8[24;80H[1;75H9[24;80H[1;74H30[24;80H[1;75H1[24;80H[1;75H2[24;80H[1;75H3[24;80H[1;75H4[24;80H[1;75H5[24;80H[1;75H6[24;80H[1;75H7[24;80H[1;75H8[24;80H[1;75H9[24;80H[1;74H40[24;80H[1;75H1[24;80H[1;75H2[24;80H[1;75H3[24;80H[1;75H4[24;80H[1;75H5[24;80H[1;75H6[24;80H[1;75H7[24;80H[1;75H8[24;80H[1;75H9[24;80H[1;74H50[24;80H[1;75H1[24;80H[1;75H2[24;80H[1;75H3[24;80H[1;75H4[24;80H[1;75H5[24;80H[1;75H6[24;80H[1;75H7[24;80H[1;75H8[24;80H[1;75H9[24;80H[1;72H8:00[24;80H[1;75H1[24;80H[1;75H2[24;80H[1;75H3[24;80H[1;75H4[24;80H[1;75H5[24;80H[1;75H6[24;80H[1;75H7[24;80H[1;75H8[24;80H[1;75H9[24;80H[1;74H10[24;80H[1;75H1[24;80H[1;75H2[24;80H[1;75H3[24;80H[1;75H4[24;80H[1;75H5[24;80H[1;75H6[24;80H[1;75H7[24;80H[1;75H8[24;80H[1;75H9[24;80H[1;74H20[24;80H[1;75H1[24;80H[1;75H2[24;80H[1;75H3[24;80H[1;75H4[24;80H[1;75H5[24;80H[1;75H6[24;80H[1;75H7[24;80H[1;75H8[24;80H[1;75H9[24;80H[1;74H30[24;80H[1;75H1[24;80H[1;75H2[24;80H[1;75H3[24;80H[1;75H4[24;80H[1;75H5[24;80H[1;75H6[24;80H[1;75H7[24;80H[1;75H8[24;80H[1;75H9[24;80H[1;74H40[24;80H[1;75H1[24;80H[1;75H2[24;80H[1;75H3[24;80H[1;75H4[24;80H[1;75H5[24;80H[1;75H6[24;80H[1;75H7[24;80H[1;75H8[24;80H[1;75H9[24;80H[1;74H50[24;80H[1;75H1[24;80H[1;75H2[24;80H[1;75H3[24;80H[1;75H4[24;80H[1;75H5[24;80H[1;75H6[24;80H[1;75H7[24;80H[1;75H8[24;80H[1;75H9[24;80H[1;72H9:00[24;80H[1;75H1[24;80H[1;75H2[24;80H[1;75H3[24;80H[1;75H4[24;80H[1;75H5[24;80H[1;75H6[24;80H[1;75H7[24;80H[1;75H8[24;80H[1;75H9[24;80H[1;74H10[24;80H[1;75H1[24;80H[1;75H2[24;80H[1;75H3[24;80H[1;75H4[24;80H[1;75H5[24;80H[1;75H6[24;80H[1;75H7[24;80H[1;75H8[24;80H[1;75H9[24;80H[1;74H20[24;80H[1;75H1[24;80H[1;75H2[24;80H[1;75H3[24;80H[1;75H4[24;80H[1;75H5[24;80H[1;75H6[24;80H[1;75H7[24;80H[1;75H8[24;80H[1;75H9[24;80H[1;74H30[24;80H[1;75H1[24;80H[1;75H2[24;80H[1;75H3[24;80H[1;75H4[24;80H[1;75H5[24;80H[1;75H6[24;80H[1;75H7[24;80H[1;75H8[24;80H[1;75H9[24;80H[1;74H40[24;80H[1;75H1[24;80H[1;75H2[24;80H[1;75H3[24;80H[1;75H4[24;80H[1;75H5[24;80H[1;75H6[24;80H[1;75H7[24;80H[1;75H8[24;80H[1;75H9[24;80H[1;74H50[24;80H[1;75H1[24;80H[1;75H2[24;80H[1;75H3[24;80H[1;75H4[24;80H[1;75H5[24;80H[1;75H6[24;80H[1;75H7[24;80H[1;75H8[24;80H[1;75H9[24;80H[1;71H30:00[24;80H[1;75H1[24;80H[1;75H2[24;80H[1;75H3[24;80H[1;75H4[24;80H[1;75H5[24;80H[1;75H6[24;80H[1;75H7[24;80H[1;75H8[24;80H[1;75H9[24;80H[1;74H10[24;80H[1;75H1[24;80H[1;75H2[24;80H[1;75H3[24;80H[1;75H4[24;80H[1;75H5[24;80H[1;75H6[24;80H[1;75H7[24;80H[1;75H8[24;80H[1;75H9[24;80H[1;74H20[24;80H[1;75H1[24;80H[1;75H2[24;80H[1;75H3[24;80H[1;75H4[24;80H[1;75H5[24;80H[1;75H6[24;80H[1;75H7[24;80H[1;75H8[24;80H[1;75H9[24;80H[1;74H30[24;80H[1;75H1[24;80H[1;75H2[24;80H[1;75H3[24;80H[1;75H4[24;80H[1;75H5[24;80H[1;75H6[24;80H[1;75H7[24;80H[1;75H8[24;80H[1;75H9[24;80H[1;74H40[24;80H[1;75H1[24;80H[1;75H2[24;80H[1;75H3[24;80H[1;75H4[24;80H[1;75H5[24;80H[1;75H6[24;80H[1;75H7[24;80H[1;75H8[24;80H[1;75H9[24;80H[1;74H50[24;80H[1;75H1[24;80H[1;75H2[24;80H[1;75H3[24;80H[1;75H4[24;80H[1;75H5[24;80H[1;75H6[24;80H[1;75H7[24;80H[1;75H8[24;80H[1;75H9[24;80H[1;72H1:00[24;80H[1;75H1[24;80H[1;75H2[24;80H[1;75H3[24;80H[1;75H4[24;80H[1;75H5[24;80H[1;75H6[24;80H[1;75H7[24;80H[1;75H8[24;80H[1;75H9[24;80H[1;74H10[24;80H[1;75H1[24;80H[1;75H2[24;80H[1;75H3[24;80H[1;75H4[24;80H[1;75H5[24;80H[1;75H6[24;80H[1;75H7[24;80H[1;75H8[24;80H[1;75H9[24;80H[1;74H20[24;80H[1;75H1[24;80H[1;75H2[24;80H[1;75H3[24;80H[1;75H4[24;80H[1;75H5[24;80H[1;75H6[24;80H[1;75H7[24;80H[1;75H8[24;80H[1;75H9[24;80H[1;74H30[24;80H[1;75H1[24;80H[1;75H2[24;80H[1;75H3[24;80H[1;75H4[24;80H[1;75H5[24;80H[1;75H6[24;80H[1;75H7[24;80H[1;75H8[24;80H[1;75H9[24;80H[1;74H40[24;80H[1;75H1[24;80H[1;75H2[24;80H[1;75H3[24;80H[1;75H4[24;80H[1;75H5[24;80H[1;75H6[24;80H[1;75H7[24;80H[1;75H8[24;80H[1;75H9[24;80H[1;74H50[24;80H[1;75H1[24;80H[1;75H2[24;80H[1;75H3[24;80H[1;75H4[24;80H[1;75H5[24;80H[1;75H6[24;80H[1;75H8[24;80H[1;75H9[24;80H[1;72H2:00[24;80H[1;75H1[24;80H[1;75H2[24;80H[1;75H3[24;80H[1;75H4[24;80H[1;75H5[24;80H[1;75H6[24;80H[1;75H7[24;80H[1;75H8[24;80H[1;75H9[24;80H[1;74H10[24;80H[1;75H1[24;80H[1;75H2[24;80H[1;75H3[24;80H[1;75H4[24;80H[1;75H5[24;80H[1;75H6[24;80H[1;75H7[24;80H[1;75H8[24;80H[1;75H9[24;80H[1;74H20[24;80H[1;75H1[24;80H[1;75H2[24;80H[1;75H3[24;80H[1;75H4[24;80H[1;75H5[24;80H[1;75H6[24;80H[1;75H7[24;80H[1;75H8[24;80H[1;75H9[24;80H[1;74H30[24;80H[1;75H1[24;80H[1;75H2[24;80H[1;75H3[24;80H[1;75H4[24;80H[1;75H5[24;80H[1;75H6[24;80H[1;75H7[24;80H[1;75H8[24;80H[1;75H9[24;80H[1;74H40[24;80H[1;75H1[24;80H[1;75H2[24;80H[1;75H3[24;80H[1;75H4[24;80H[1;75H5[24;80H[1;75H6[24;80H[1;75H7[24;80H[1;75H8[24;80H[1;75H9[24;80H[1;74H50[24;80H[1;75H1[24;80H[1;75H2[24;80H[1;75H3[24;80H[1;75H4[24;80H[1;75H5[24;80H[1;75H6[24;80H[1;75H7[24;80H[1;75H8[24;80H[1;75H9[24;80H[1;72H3:00[24;80H[1;75H1[24;80H[1;75H2[24;80H[1;75H3[24;80H[1;75H4[24;80H[1;75H5[24;80H[1;75H6[24;80H[1;75H7[24;80H[1;75H8[24;80H[1;75H9[24;80H[1;74H10[24;80H[1;75H1[24;80H[1;75H2[24;80H[1;75H3[24;80H[1;75H4[24;80H[1;75H5[24;80H[1;75H6[24;80H[1;75H7[24;80H[1;75H8[24;80H[1;75H9[24;80H[1;74H20[24;80H[1;75H1[24;80H[1;75H2[24;80H[1;75H3[24;80H[1;75H4[24;80H[1;75H5[24;80H[1;75H6[24;80H[1;75H7[24;80H[1;75H8[24;80H[1;75H9[24;80H[1;74H30[24;80H[1;75H1[24;80H[1;75H2[24;80H[1;75H3[24;80H[1;75H4[24;80H[1;75H5[24;80H[1;75H6[24;80H[1;75H7[24;80H[1;75H8[24;80H[1;75H9[24;80H[1;74H40[24;80H[1;75H1[24;80H[1;75H2[24;80H[1;75H3[24;80H[1;75H4[24;80H[1;75H5[24;80H[1;75H6[24;80H[1;75H7[24;80H[1;75H8[24;80H[1;75H9[24;80H[1;74H50[24;80H[1;75H1[24;80H[1;75H2[24;80H[1;75H3[24;80H[1;75H4[24;80H[1;75H5[24;80H[1;75H6[24;80H[1;75H7[24;80H[1;75H8[24;80H[1;75H9[24;80H[1;72H4:00[24;80H[1;75H1[24;80H[1;75H2[24;80H[1;75H3[24;80H[1;75H4[24;80H[1;75H5[24;80H[1;75H6[24;80H[1;75H7[24;80H[1;75H8[24;80H[1;75H9[24;80H[1;74H10[24;80H[1;75H1[24;80H[1;75H2[24;80H[1;75H3[24;80H[1;75H4[24;80H[1;75H5[24;80H[1;75H6[24;80H[1;75H7[24;80H[1;75H8[24;80H[1;75H9[24;80H[1;74H20[24;80H[1;75H1[24;80H[1;75H2[24;80H[1;75H3[24;80H[1;75H4[24;80H[1;75H5[24;80H[1;75H6[24;80H[1;75H7[24;80H[1;75H8[24;80H[1;75H9[24;80H[1;74H30[24;80H[1;75H1[24;80H[1;75H2[24;80H[1;75H3[24;80H[1;75H4[24;80H[1;75H5[24;80H[1;75H6[24;80H[1;75H7[24;80H[1;75H8[24;80H[1;75H9[24;80H[1;74H40[24;80H[1;75H1[24;80H[1;75H2[24;80H[1;75H3[24;80H[1;75H4[24;80H[1;75H5[24;80H[1;75H6[24;80H[1;75H7[24;80H[1;75H8[24;80H[1;75H9[24;80H[1;74H50[24;80H[1;75H1[24;80H[1;75H2[24;80H[1;75H3[24;80H[1;75H4[24;80H[1;75H5[24;80H[1;75H6[24;80H[1;75H7[24;80H[1;75H8[24;80H[1;75H9[24;80H[1;72H5:00[24;80H[1;75H1[24;80H[1;75H2[24;80H[1;75H3[24;80H[1;75H4[24;80H[1;75H5[24;80H[1;75H6[24;80H[1;75H7[24;80H[1;75H8[24;80H[1;75H9[24;80H[1;74H10[24;80H[1;75H1[24;80H[1;75H2[24;80H[1;75H3[24;80H[1;75H4[24;80H[1;75H5[24;80H[1;75H6[24;80H[1;75H7[24;80H[1;75H8[24;80H[1;75H9[24;80H[1;74H20[24;80H[1;75H1[24;80H[1;75H2[24;80H[1;75H3[24;80H[1;75H4[24;80H[1;75H5[24;80H[1;75H6[24;80H[1;75H7[24;80H[1;75H8[24;80H[1;75H9[24;80H[1;74H30[24;80H[1;75H1[24;80H[1;75H2[24;80H[1;75H3[24;80H[1;75H4[24;80H[1;75H5[24;80H[1;75H6[24;80H[1;75H7[24;80H[1;75H8[24;80H[1;75H9[24;80H[1;74H40[24;80H[1;75H1[24;80H[1;75H2[24;80H[1;75H3[24;80H[1;75H4[24;80H[1;75H5[24;80H[1;75H6[24;80H[1;75H7[24;80H[1;75H8[24;80H[1;75H9[24;80H[1;74H50[24;80H[1;75H1[24;80H[1;75H2[24;80H[1;75H3[24;80H[1;75H4[24;80H[1;75H5[24;80H[1;75H6[24;80H[1;75H7[24;80H[1;75H8[24;80H[1;75H9[24;80H[1;72H6:00[24;80H[1;75H1[24;80H[1;75H2[24;80H[1;75H3[24;80H[1;75H4[24;80H[1;75H5[24;80H[1;75H6[24;80H[1;75H7[24;80H[1;75H8[24;80H[1;75H9[24;80H[1;74H10[24;80H[1;75H1[24;80H[1;75H2[24;80H[1;75H3[24;80H[1;75H4[24;80H[1;75H5[24;80H[1;75H6[24;80H[1;75H7[24;80H[1;75H8[24;80H[1;75H9[24;80H[1;74H20[24;80H[1;75H1[24;80H[1;75H2[24;80H[1;75H3[24;80H[1;75H4[24;80H[1;75H5[24;80H[1;75H6[24;80H[1;75H7[24;80H[1;75H8[24;80H[1;75H9[24;80H[1;74H30[24;80H[1;75H1[24;80H[1;75H2[24;80H[1;75H3[24;80H[1;75H4[24;80H[1;75H5[24;80H[1;75H6[24;80H[1;75H7[24;80H[1;75H8[24;80H[1;75H9[24;80H[1;74H40[24;80H[1;75H1[24;80H[1;75H2[24;80H[1;75H3[24;80H[1;75H4[24;80H[1;75H5[24;80H[1;75H6[24;80H[1;75H7[24;80H[1;75H8[24;80H[1;75H9[24;80H[1;74H50[24;80H[1;75H1[24;80H[1;75H2[24;80H[1;75H3[24;80H[1;75H4[24;80H[1;75H5[24;80H[1;75H6[24;80H[1;75H7[24;80H[1;75H8[24;80H[1;75H9[24;80H[1;72H7:00[24;80H[1;75H1[24;80H[1;75H2[24;80H[1;75H3[24;80H[1;75H4[24;80H[1;75H5[24;80H[1;75H6[24;80H[1;75H8[24;80H[1;75H9[24;80H[1;74H10[24;80H[1;75H1[24;80H[1;75H2[24;80H[1;75H3[24;80H[1;75H4[24;80H[1;75H5[24;80H[1;75H6[24;80H[1;75H7[24;80H[1;75H8[24;80H[1;75H9[24;80H[1;74H20[24;80H[1;75H1[24;80H[1;75H2[24;80H[1;75H3[24;80H[1;75H4[24;80H[1;75H5[24;80H[1;75H6[24;80H[1;75H7[24;80H[1;75H8[24;80H[1;75H9[24;80H[1;74H30[24;80H[1;75H1[24;80H[1;75H2[24;80H[1;75H3[24;80H[1;75H4[24;80H[1;75H5[24;80H[1;75H6[24;80H[1;75H7[24;80H[1;75H8[24;80H[1;75H9[24;80H[1;74H40[24;80H[1;75H1[24;80H[1;75H2[24;80H[1;75H3[24;80H[1;75H4[24;80H[1;75H5[24;80H[1;75H6[24;80H[1;75H7[24;80H[1;75H8[24;80H[1;75H9[24;80H[1;74H50[24;80H[1;75H1[24;80H[1;75H2[24;80H[1;75H3[24;80H[1;75H4[24;80H[1;75H5[24;80H[1;75H6[24;80H[1;75H7[24;80H[1;75H8[24;80H[1;75H9[24;80H[1;72H8:00[24;80H[1;75H1[24;80H[1;75H2[24;80H[1;75H3[24;80H[1;75H4[24;80H[1;75H5[24;80H[1;75H6[24;80H[1;75H7[24;80H[1;75H8[24;80H[1;75H9[24;80H[1;74H10[24;80H[1;75H1[24;80H[1;75H2[24;80H[1;75H3[24;80H[1;75H4[24;80H[1;75H5[24;80H[1;75H6[24;80H[1;75H7[24;80H[1;75H8[24;80H[1;75H9[24;80H[1;74H20[24;80H[1;75H1[24;80H[1;75H2[24;80H[1;75H3[24;80H[1;75H4[24;80H[1;75H5[24;80H[1;75H6[24;80H[1;75H7[24;80H[1;75H8[24;80H[1;75H9[24;80H[1;74H30[24;80H[1;75H1[24;80H[1;75H2[24;80H[1;75H3[24;80H[1;75H4[24;80H[1;75H5[24;80H[1;75H6[24;80H[1;75H7[24;80H[1;75H8[24;80H[1;75H9[24;80H[1;74H40[24;80H[1;75H1[24;80H[1;75H2[24;80H[1;75H3[24;80H[1;75H4[24;80H[1;75H5[24;80H[1;75H6[24;80H[1;75H7[24;80H[1;75H8[24;80H[1;75H9[24;80H[1;74H50[24;80H[1;75H1[24;80H[1;75H2[24;80H[1;75H3[24;80H[1;75H4[24;80H[1;75H5[24;80H[1;75H6[24;80H[1;75H7[24;80H[1;75H8[24;80H[1;75H9[24;80H[1;72H9:00[24;80H[1;75H1[24;80H[1;75H2[24;80H[1;75H3[24;80H[1;75H4[24;80H[1;75H5[24;80H[1;75H6[24;80H[1;75H7[24;80H[1;75H8[24;80H[1;75H9[24;80H[1;74H10[24;80H[1;75H1[24;80H[1;75H2[24;80H[1;75H3[24;80H[1;75H4[24;80H[1;75H5[24;80H[1;75H6[24;80H[1;75H7[24;80H[1;75H8[24;80H[1;75H9[24;80H[1;74H20[24;80H[1;75H1[24;80H[1;75H2[24;80H[1;75H3[24;80H[1;75H4[24;80H[1;75H5[24;80H[1;75H6[24;80H[1;75H7[24;80H[1;75H8[24;80H[1;75H9[24;80H[1;74H30[24;80H[1;75H1[24;80H[1;75H2[24;80H[1;75H3[24;80H[1;75H4[24;80H[1;75H5[24;80H[1;75H6[24;80H[1;75H7[24;80H[1;75H8[24;80H[1;75H9[24;80H[1;74H40[24;80H[1;75H1[24;80H[1;75H2[24;80H[1;75H3[24;80H[1;75H4[24;80H[1;75H5[24;80H[1;75H6[24;80H[1;75H7[24;80H[1;75H8[24;80H[1;75H9[24;80H[1;74H50[24;80H[1;75H1[24;80H[1;75H2[24;80H[1;75H3[24;80H[1;75H4[24;80H[1;75H5[24;80H[1;75H6[24;80H[1;75H7[24;80H[1;75H8[24;80H[1;75H9[24;80H[1;71H40:00[24;80H[1;75H1[24;80H[1;75H2[24;80H[1;75H3[24;80H[1;75H4[24;80H[1;75H5[24;80H[1;75H6[24;80H[1;75H7[24;80H[1;75H8[24;80H[1;75H9[24;80H[1;74H10[24;80H[1;75H1[24;80H[1;75H2[24;80H[1;75H3[24;80H[1;75H4[24;80H[1;75H5[24;80H[1;75H6[24;80H[1;75H7[24;80H[1;75H8[24;80H[1;75H9[24;80H[1;74H20[24;80H[1;75H1[24;80H[1;75H2[24;80H[1;75H3[24;80H[1;75H4[24;80H[1;75H5[24;80H[1;75H6[24;80H[1;75H7[24;80H[1;75H8[24;80H[1;75H9[24;80H[1;74H30[24;80H[1;75H1[24;80H[1;75H2[24;80H[1;75H3[24;80H[1;75H4[24;80H[1;75H5[24;80H[1;75H6[24;80H[1;75H7[24;80H[1;75H8[24;80H[1;75H9[24;80H[1;74H40[24;80H[1;75H1[24;80H[1;75H2[24;80H[1;75H3[24;80H[1;75H4[24;80H[1;75H5[24;80H[1;75H6[24;80H[1;75H7[24;80H[1;75H8[24;80H[1;75H9[24;80H[1;74H50[24;80H[1;75H1[24;80H[1;75H2[24;80H[1;75H3[24;80H[1;75H4[24;80H[1;75H5[24;80H[1;75H6[24;80H[1;75H7[24;80H[1;75H8[24;80H[1;75H9[24;80H[1;72H1:00[24;80H[1;75H1[24;80H[1;75H2[24;80H[1;75H3[24;80H[1;75H4[24;80H[1;75H5[24;80H[1;75H6[24;80H[1;75H7[24;80H[1;75H8[24;80H[1;75H9[24;80H[1;74H10[24;80H[1;75H1[24;80H[1;75H2[24;80H[1;75H3[24;80H[1;75H4[24;80H[1;75H5[24;80H[1;75H6[24;80H[1;75H7[24;80H[1;75H8[24;80H[1;75H9[24;80H[1;74H20[24;80H[1;75H1[24;80H[1;75H2[24;80H[1;75H3[24;80H[1;75H4[24;80H[1;75H5[24;80H[1;75H6[24;80H[1;75H7[24;80H[1;75H8[24;80H[1;75H9[24;80H[1;74H30[24;80H[1;75H1[24;80H[1;75H2[24;80H[1;75H3[24;80H[1;75H4[24;80H[1;75H5[24;80H[1;75H6[24;80H[1;75H7[24;80H[1;75H8[24;80H[1;75H9[24;80H[1;74H40[24;80H[1;75H1[24;80H[1;75H2[24;80H[1;75H3[24;80H[1;75H4[24;80H[1;75H5[24;80H[1;75H6[24;80H[1;75H7[24;80H[1;75H8[24;80H[1;75H9[24;80H[1;74H50[24;80H[1;75H1[24;80H[1;75H2[24;80H[1;75H3[24;80H[1;75H4[24;80H[1;75H5[24;80H[1;75H6[24;80H[1;75H7[24;80H[1;75H8[24;80H[1;75H9[24;80H[1;72H2:00[24;80H[1;75H1[24;80H[1;75H2[24;80H[1;75H3[24;80H[1;75H4[24;80H[1;75H5[24;80H[1;75H6[24;80H[1;75H7[24;80H[1;75H8[24;80H[1;75H9[24;80H[1;74H11[24;80H[1;75H2[24;80H[1;75H3[24;80H[1;75H4[24;80H[1;75H5[24;80H[1;75H6[24;80H[1;75H7[24;80H[1;75H8[24;80H[1;75H9[24;80H[1;74H20[24;80H[1;75H1[24;80H[1;75H2[24;80H[1;75H3[24;80H[1;75H4[24;80H[1;75H5[24;80H[1;75H6[24;80H[1;75H7[24;80H[1;75H8[24;80H[1;75H9[24;80H[1;74H30[24;80H[1;75H1[24;80H[1;75H2[24;80H[1;75H3[24;80H[1;75H4[24;80H[1;75H5[24;80H[1;75H6[24;80H[1;75H7[24;80H[1;75H8[24;80H[1;75H9[24;80H[1;74H40[24;80H[1;75H1[24;80H[1;75H2[24;80H[1;75H3[24;80H[1;75H4[24;80H[1;75H5[24;80H[1;75H6[24;80H[1;75H7[24;80H[1;75H8[24;80H[1;75H9[24;80H[1;74H50[24;80H[1;75H1[24;80H[1;75H2[24;80H[1;75H3[24;80H[1;75H4[24;80H[1;75H5[24;80H[1;75H6[24;80H[1;75H7[24;80H[1;75H8[24;80H[1;75H9[24;80H[1;72H3:00[24;80H[1;75H1[24;80H[1;75H2[24;80H[1;75H3[24;80H[1;75H4[24;80H[1;75H5[24;80H[1;75H6[24;80H[1;75H7[24;80H[1;75H8[24;80H[1;75H9[24;80H[1;74H10[24;80H[1;75H1[24;80H[1;75H2[24;80H[1;75H3[24;80H[1;75H4[24;80H[1;75H5[24;80H[1;75H6[24;80H[1;75H7[24;80H[1;75H8[24;80H[1;75H9[24;80H[1;74H20[24;80H[1;75H1[24;80H[1;75H2[24;80H[1;75H3[24;80H[1;75H4[24;80H[1;75H5[24;80H[1;75H6[24;80H[1;75H7[24;80H[1;75H8[24;80H[1;75H9[24;80H[1;74H30[24;80H[1;75H1[24;80H[1;75H2[24;80H[1;75H3[24;80H[1;75H4[24;80H[1;75H5[24;80H[1;75H6[24;80H[1;75H7[24;80H[1;75H8[24;80H[1;75H9[24;80H[1;74H40[24;80H[1;75H1[24;80H[1;75H2[24;80H[1;75H3[24;80H[1;75H4[24;80H[1;75H5[24;80H[1;75H6[24;80H[1;75H7[24;80H[1;75H8[24;80H[1;75H9[24;80H[1;74H50[24;80H[1;75H1[24;80H[1;75H2[24;80H[1;75H3[24;80H[1;75H4[24;80H[1;75H5[24;80H[1;75H6[24;80H[1;75H7[24;80H[1;75H8[24;80H[1;75H9[24;80H[1;72H4:00[24;80H[1;75H1[24;80H[1;75H2[24;80H[1;75H3[24;80H[1;75H4[24;80H[1;75H5[24;80H[1;75H6[24;80H[1;75H7[24;80H[1;75H8[24;80H[1;75H9[24;80H[1;74H10[24;80H[1;75H1[24;80H[1;75H2[24;80H[1;75H3[24;80H[1;75H4[24;80H[1;75H5[24;80H[1;75H6[24;80H[1;75H7[24;80H[1;75H8[24;80H[1;75H9[24;80H[1;74H20[24;80H[1;75H1[24;80H[1;75H2[24;80H[1;75H3[24;80H[1;75H4[24;80H[1;75H5[24;80H[1;75H6[24;80H[1;75H7[24;80H[1;75H8[24;80H[1;75H9[24;80H[1;74H30[24;80H[1;75H1[24;80H[1;75H2[24;80H[1;75H3[24;80H[1;75H4[24;80H[1;75H5[24;80H[1;75H6[24;80H[1;75H7[24;80H[1;75H8[24;80H[1;75H9[24;80H[1;74H40[24;80H[1;75H1[24;80H[1;75H2[24;80H[1;75H3[24;80H[1;75H4[24;80H[1;75H5[24;80H[1;75H6[24;80H[1;75H7[24;80H[1;75H8[24;80H[1;75H9[24;80H[1;74H50[24;80H[1;75H1[24;80H[1;75H2[24;80H[1;75H3[24;80H[1;75H4[24;80H[1;75H5[24;80H[1;75H6[24;80H[1;75H7[24;80H[1;75H8[24;80H[1;75H9[24;80H[1;72H5:00[24;80H[1;75H1[24;80H[1;75H2[24;80H[1;75H3[24;80H[1;75H4[24;80H[1;75H5[24;80H[1;75H6[24;80H[1;75H7[24;80H[1;75H8[24;80H[1;75H9[24;80H[1;74H10[24;80H[1;75H1[24;80H[1;75H2[24;80H[1;75H3[24;80H[1;75H4[24;80H[1;75H5[24;80H[1;75H6[24;80H[1;75H7[24;80H[1;75H8[24;80H[1;75H9[24;80H[1;74H20[24;80H[1;75H1[24;80H[1;75H2[24;80H[1;75H3[24;80H[1;75H4[24;80H[1;75H5[24;80H[1;75H6[24;80H[1;75H7[24;80H[1;75H8[24;80H[1;75H9[24;80H[1;74H30[24;80H[1;75H1[24;80H[1;75H2[24;80H[1;75H3[24;80H[1;75H4[24;80H[1;75H5[24;80H[1;75H6[24;80H[1;75H7[24;80H[1;75H8[24;80H[1;75H9[24;80H[1;74H40[24;80H[1;75H1[24;80H[1;75H2[24;80H[1;75H3[24;80H[1;75H4[24;80H[1;75H5[24;80H[1;75H6[24;80H[1;75H7[24;80H[1;75H8[24;80H[1;75H9[24;80H[1;74H50[24;80H[1;75H1[24;80H[1;75H2[24;80H[1;75H3[24;80H[1;75H4[24;80H[1;75H5[24;80H[1;75H6[24;80H[1;75H7[24;80H[1;75H8[24;80H[1;75H9[24;80H[1;72H6:00[24;80H[1;75H1[24;80H[1;75H2[24;80H[1;75H3[24;80H[1;75H4[24;80H[1;75H5[24;80H[1;75H6[24;80H[1;75H7[24;80H[1;75H8[24;80H[1;75H9[24;80H[1;74H10[24;80H[1;75H1[24;80H[1;75H2[24;80H[1;75H3[24;80H[1;75H4[24;80H[1;75H5[24;80H[1;75H6[24;80H[1;75H7[24;80H[1;75H8[24;80H[1;75H9[24;80H[1;74H20[24;80H[1;75H1[24;80H[1;75H2[24;80H[1;75H3[24;80H[1;75H4[24;80H[1;75H5[24;80H[1;75H6[24;80H[1;75H7[24;80H[1;75H8[24;80H[1;75H9[24;80H[1;74H30[24;80H[1;75H1[24;80H[1;75H2[24;80H[1;75H3[24;80H[1;75H4[24;80H[1;75H5[24;80H[1;75H6[24;80H[1;75H7[24;80H[1;75H8[24;80H[1;75H9[24;80H[1;74H40[24;80H[1;75H1[24;80H[1;75H2[24;80H[1;75H3[24;80H[1;75H4[24;80H[1;75H5[24;80H[1;75H6[24;80H[1;75H7[24;80H[1;75H8[24;80H[1;75H9[24;80H[1;74H50[24;80H[1;75H1[24;80H[1;75H2[24;80H[1;75H3[24;80H[1;75H4[24;80H[1;75H5[24;80H[1;75H6[24;80H[1;75H7[24;80H[1;75H8[24;80H[1;75H9[24;80H[1;72H7:00[24;80H[1;75H1[24;80H[1;75H2[24;80H[1;75H3[24;80H[1;75H4[24;80H[1;75H5[24;80H[1;75H6[24;80H[1;75H7[24;80H[1;75H8[24;80H[1;75H9[24;80H[1;74H10[24;80H[1;75H1[24;80H[1;75H2[24;80H[1;75H3[24;80H[1;75H5[24;80H[1;75H6[24;80H[1;75H7[24;80H[1;75H8[24;80H[1;75H9[24;80H[1;74H20[24;80H[1;75H1[24;80H[1;75H2[24;80H[1;75H3[24;80H[1;75H4[24;80H[1;75H5[24;80H[1;75H6[24;80H[1;75H7[24;80H[1;75H8[24;80H[1;75H9[24;80H[1;74H30[24;80H[1;75H1[24;80H[1;75H2[24;80H[1;75H3[24;80H[1;75H4[24;80H[1;75H5[24;80H[1;75H6[24;80H[1;75H7[24;80H[1;75H8[24;80H[1;75H9[24;80H[1;74H40[24;80H[1;75H1[24;80H[1;75H2[24;80H[1;75H3[24;80H[1;75H4[24;80H[1;75H5[24;80H[1;75H6[24;80H[1;75H7[24;80H[1;75H8[24;80H[1;75H9[24;80H[1;74H50[24;80H[1;75H1[24;80H[1;75H2[24;80H[1;75H3[24;80H[1;75H4[24;80H[1;75H5[24;80H[1;75H6[24;80H[1;75H7[24;80H[1;75H8[24;80H[1;75H9[24;80H[1;72H8:00[24;80H[1;75H1[24;80H[1;75H2[24;80H[1;75H3[24;80H[1;75H4[24;80H[1;75H5[24;80H[1;75H6[24;80H[1;75H7[24;80H[1;75H8[24;80H[1;75H9[24;80H[1;74H10[24;80H[1;75H1[24;80H[1;75H2[24;80H[1;75H3[24;80H[1;75H4[24;80H[1;75H5[24;80H[1;75H6[24;80H[1;75H7[24;80H[1;75H8[24;80H[1;75H9[24;80H[1;74H20[24;80H[1;75H1[24;80H[1;75H2[24;80H[1;75H3[24;80H[1;75H4[24;80H[1;75H5[24;80H[1;75H6[24;80H[1;75H7[24;80H[1;75H8[24;80H[1;75H9[24;80H[1;74H30[24;80H[1;75H1[24;80H[1;75H2[24;80H[1;75H3[24;80H[1;75H4[24;80H[1;75H5[24;80H[1;75H6[24;80H[1;75H7[24;80H[1;75H8[24;80H[1;75H9[24;80H[1;74H40[24;80H[1;75H1[24;80H[1;75H2[24;80H[1;75H3[24;80H[1;75H4[24;80H[1;75H5[24;80H[1;75H6[24;80H[1;75H7[24;80H[1;75H8[24;80H[1;75H9[24;80H[1;74H50[24;80H[1;75H1[24;80H[1;75H2[24;80H[1;75H3[24;80H[1;75H4[24;80H[1;75H5[24;80H[1;75H6[24;80H[1;75H7[24;80H[1;75H8[24;80H[1;75H9[24;80H[1;72H9:00[24;80H[1;75H1[24;80H[1;75H2[24;80H[1;75H3[24;80H[1;75H4[24;80H[1;75H5[24;80H[1;75H6[24;80H[1;75H7[24;80H[1;75H8[24;80H[1;75H9[24;80H[1;74H10[24;80H[1;75H1[24;80H[1;75H2[24;80H[1;75H3[24;80H[1;75H4[24;80H[1;75H5[24;80H[1;75H6[24;80H[1;75H7[24;80H[1;75H8[24;80H[1;75H9[24;80H[1;74H20[24;80H[1;75H1[24;80H[1;75H2[24;80H[1;75H3[24;80H[1;75H4[24;80H[1;75H5[24;80H[1;75H6[24;80H[1;75H7[24;80H[1;75H8[24;80H[1;75H9[24;80H[1;74H30[24;80H[1;75H1[24;80H[1;75H2[24;80H[1;75H3[24;80H[1;75H4[24;80H[1;75H5[24;80H[1;75H6[24;80H[1;75H7[24;80H[1;75H8[24;80H[1;75H9[24;80H[1;74H40[24;80H[1;75H1[24;80H[1;75H2[24;80H[1;75H3[24;80H[1;75H4[24;80H[1;75H5[24;80H[1;75H6[24;80H[1;75H7[24;80H[1;75H8[24;80H[1;75H9[24;80H[1;74H50[24;80H[1;75H1[24;80H[1;75H2[24;80H[1;75H3[24;80H[1;75H4[24;80H[1;75H5[24;80H[1;75H6[24;80H[1;75H7[24;80H[1;75H8[24;80H[1;75H9[24;80H[1;71H50:00[24;80H[1;75H1[24;80H[1;75H2[24;80H[1;75H3[24;80H[1;75H4[24;80H[1;75H5[24;80H[1;75H6[24;80H[1;75H7[24;80H[1;75H8[24;80H[1;75H9[24;80H[1;74H10[24;80H[1;75H1[24;80H[1;75H2[24;80H[1;75H3[24;80H[1;75H4[24;80H[1;75H5[24;80H[1;75H6[24;80H[1;75H7[24;80H[1;75H8[24;80H[1;75H9[24;80H[1;74H20[24;80H[1;75H1[24;80H[1;75H2[24;80H[1;75H3[24;80H[1;75H4[24;80H[1;75H5[24;80H[1;75H6[24;80H[1;75H7[24;80H[1;75H8[24;80H[1;75H9[24;80H[1;74H30[24;80H[1;75H1[24;80H[1;75H2[24;80H[1;75H3[24;80H[1;75H4[24;80H[1;75H5[24;80H[1;75H6[24;80H[1;75H7[24;80H[1;75H8[24;80H[1;75H9[24;80H[1;74H40[24;80H[1;75H1[24;80H[1;75H2[24;80H[1;75H3[24;80H[1;75H4[24;80H[1;75H5[24;80H[1;75H6[24;80H[1;75H7[24;80H[1;75H8[24;80H[1;75H9[24;80H[1;74H50[24;80H[1;75H1[24;80H[1;75H2[24;80H[1;75H3[24;80H[1;75H4[24;80H[1;75H5[24;80H[1;75H6[24;80H[1;75H7[24;80H[1;75H8[24;80H[1;75H9[24;80H[1;72H1:00[24;80H[1;75H1[24;80H[1;75H2[24;80H[1;75H3[24;80H[1;75H4[24;80H[1;75H5[24;80H[1;75H6[24;80H[1;75H7[24;80H[1;75H8[24;80H[1;75H9[24;80H[1;74H10[24;80H[1;75H1[24;80H[1;75H2[24;80H[1;75H3[24;80H[1;75H4[24;80H[1;75H5[24;80H[1;75H6[24;80H[1;75H7[24;80H[1;75H8[24;80H[1;75H9[24;80H[1;74H20[24;80H[1;75H1[24;80H[1;75H2[24;80H[1;75H3[24;80H[1;75H4[24;80H[1;75H5[24;80H[1;75H6[24;80H[1;75H7[24;80H[1;75H8[24;80H[1;75H9[24;80H[1;74H30[24;80H[1;75H1[24;80H[1;75H2[24;80H[1;75H3[24;80H[1;75H4[24;80H[1;75H5[24;80H[1;75H6[24;80H[1;75H7[24;80H[1;75H8[24;80H[1;75H9[24;80H[1;74H40[24;80H[1;75H1[24;80H[1;75H2[24;80H[1;75H3[24;80H[1;75H4[24;80H[1;75H5[24;80H[1;75H6[24;80H[1;75H7[24;80H[1;75H8[24;80H[1;75H9[24;80H[1;74H50[24;80H[1;75H1[24;80H[1;75H2[24;80H[1;75H3[24;80H[1;75H4[24;80H[1;75H5[24;80H[1;75H6[24;80H[1;75H7[24;80H[1;75H8[24;80H[1;75H9[24;80H[1;72H2:00[24;80H[1;75H1[24;80H[1;75H2[24;80H[1;75H3[24;80H[1;75H4[24;80H[1;75H5[24;80H[1;75H6[24;80H[1;75H7[24;80H[1;75H8[24;80H[1;75H9[24;80H[1;74H10[24;80H[1;75H1[24;80H[1;75H2[24;80H[1;75H3[24;80H[1;75H4[24;80H[1;75H5[24;80H[1;75H6[24;80H[1;75H7[24;80H[1;75H8[24;80H[1;75H9[24;80H[1;74H20[24;80H[1;75H1[24;80H[1;75H2[24;80H[1;75H4[24;80H[1;75H5[24;80H[1;75H6[24;80H[1;75H7[24;80H[1;75H8[24;80H[1;75H9[24;80H[1;74H30[24;80H[1;75H1[24;80H[1;75H2[24;80H[1;75H3[24;80H[1;75H4[24;80H[1;75H5[24;80H[1;75H6[24;80H[1;75H7[24;80H[1;75H8[24;80H[1;75H9[24;80H[1;74H40[24;80H[1;75H1[24;80H[1;75H2[24;80H[1;75H3[24;80H[1;75H4[24;80H[1;75H5[24;80H[1;75H6[24;80H[1;75H7[24;80H[1;75H8[24;80H[1;75H9[24;80H[1;74H50[24;80H[1;75H1[24;80H[1;75H2[24;80H[1;75H3[24;80H[1;75H4[24;80H[1;75H5[24;80H[1;75H6[24;80H[1;75H7[24;80H[1;75H8[24;80H[1;75H9[24;80H[1;72H3:00[24;80H[1;75H1[24;80H[1;75H2[24;80H[1;75H3[24;80H[1;75H4[24;80H[1;75H5[24;80H[1;75H6[24;80H[1;75H7[24;80H[1;75H8[24;80H[1;75H9[24;80H[1;74H10[24;80H[1;75H1[24;80H[1;75H2[24;80H[1;75H3[24;80H[1;75H4[24;80H[1;75H5[24;80H[1;75H6[24;80H[1;75H7[24;80H[1;75H8[24;80H[1;75H9[24;80H[1;74H20[24;80H[1;75H1[24;80H[1;75H2[24;80H[1;75H3[24;80H[1;75H4[24;80H[1;75H5[24;80H[1;75H6[24;80H[1;75H7[24;80H[1;75H8[24;80H[1;75H9[24;80H[1;74H30[24;80H[1;75H1[24;80H[1;75H2[24;80H[1;75H3[24;80H[1;75H4[24;80H[1;75H5[24;80H[1;75H6[24;80H[1;75H7[24;80H[1;75H8[24;80H[1;75H9[24;80H[1;74H40[24;80H[1;75H1[24;80H[1;75H2[24;80H[1;75H3[24;80H[1;75H4[24;80H[1;75H5[24;80H[1;75H6[24;80H[1;75H7[24;80H[1;75H8[24;80H[1;75H9[24;80H[1;74H50[24;80H[1;75H1[24;80H[1;75H2[24;80H[1;75H3[24;80H[1;75H4[24;80H[1;75H5[24;80H[1;75H6[24;80H[1;75H7[24;80H[1;75H8[24;80H[1;75H9[24;80H[1;72H4:00[24;80H[1;75H1[24;80H[1;75H2[24;80H[1;75H3[24;80H[1;75H4[24;80H[1;75H5[24;80H[1;75H6[24;80H[1;75H7[24;80H[1;75H8[24;80H[1;75H9[24;80H[1;74H10[24;80H[1;75H1[24;80H[1;75H2[24;80H[1;75H3[24;80H[1;75H4[24;80H[1;75H5[24;80H[1;75H6[24;80H[1;75H7[24;80H[1;75H8[24;80H[1;75H9[24;80H[1;74H20[24;80H[1;75H1[24;80H[1;75H2[24;80H[1;75H3[24;80H[1;75H4[24;80H[1;75H5[24;80H[1;75H6[24;80H[1;75H7[24;80H[1;75H8[24;80H[1;75H9[24;80H[1;74H30[24;80H[1;75H1[24;80H[1;75H2[24;80H[1;75H3[24;80H[1;75H4[24;80H[1;75H5[24;80H[1;75H6[24;80H[1;75H7[24;80H[1;75H8[24;80H[1;75H9[24;80H[1;74H40[24;80H[1;75H1[24;80H[1;75H2[24;80H[1;75H3[24;80H[1;75H4[24;80H[1;75H5[24;80H[1;75H6[24;80H[1;75H7[24;80H[1;75H8[24;80H[1;75H9[24;80H[1;74H50[24;80H[1;75H1[24;80H[1;75H2[24;80H[1;75H3[24;80H[1;75H4[24;80H[1;75H5[24;80H[1;75H6[24;80H[1;75H7[24;80H[1;75H8[24;80H[1;75H9[24;80H[1;72H5:00[24;80H[1;75H1[24;80H[1;75H2[24;80H[1;75H3[24;80H[1;75H4[24;80H[1;75H5[24;80H[1;75H6[24;80H[1;75H7[24;80H[1;75H8[24;80H[1;75H9[24;80H[1;74H10[24;80H[1;75H1[24;80H[1;75H2[24;80H[1;75H3[24;80H[1;75H4[24;80H[1;75H5[24;80H[1;75H6[24;80H[1;75H7[24;80H[1;75H8[24;80H[1;75H9[24;80H[1;74H20[24;80H[1;75H1[24;80H[1;75H2[24;80H[1;75H3[24;80H[1;75H4[24;80H[1;75H5[24;80H[1;75H6[24;80H[1;75H7[24;80H[1;75H8[24;80H[1;75H9[24;80H[1;74H30[24;80H[1;75H1[24;80H[1;75H2[24;80H[1;75H3[24;80H[1;75H4[24;80H[1;75H5[24;80H[1;75H6[24;80H[1;75H7[24;80H[1;75H8[24;80H[1;75H9[24;80H[1;74H40[24;80H[1;75H1[24;80H[1;75H2[24;80H[1;75H3[24;80H[1;75H4[24;80H[1;75H5[24;80H[1;75H6[24;80H[1;75H7[24;80H[1;75H8[24;80H[1;75H9[24;80H[1;74H50[24;80H[1;75H1[24;80H[1;75H2[24;80H[1;75H3[24;80H[1;75H4[24;80H[1;75H5[24;80H[1;75H6[24;80H[1;75H7[24;80H[1;75H8[24;80H[1;75H9[24;80H[1;72H6:00[24;80H[1;75H1[24;80H[1;75H2[24;80H[1;75H3[24;80H[1;75H4[24;80H[1;75H5[24;80H[1;75H6[24;80H[1;75H7[24;80H[1;75H8[24;80H[1;75H9[24;80H[1;74H10[24;80H[1;75H1[24;80H[1;75H2[24;80H[1;75H3[24;80H[24;1H[?1049l[23;0;0t[?1l>